[0m22:12:56.869738 [debug] [MainThread]: Sending event: {'category': 'dbt', 'action': 'invocation', 'label': 'start', 'context': [<snowplow_tracker.self_describing_json.SelfDescribingJson object at 0x00000275DCF98D70>, <snowplow_tracker.self_describing_json.SelfDescribingJson object at 0x00000275DE0EFED0>, <snowplow_tracker.self_describing_json.SelfDescribingJson object at 0x00000275DE0EFB10>]}


============================== 22:12:56.874281 | 83c8e30a-626b-47ae-8208-e490c7398b4d ==============================
[0m22:12:56.874281 [info ] [MainThread]: Running with dbt=1.11.0-rc3
[0m22:12:56.874839 [debug] [MainThread]: running dbt with arguments {'static_parser': 'True', 'no_print': 'None', 'version_check': 'True', 'warn_error_options': 'WarnErrorOptionsV2(error=[], warn=[], silence=[])', 'target_path': 'None', 'printer_width': '80', 'write_json': 'True', 'empty': 'None', 'log_cache_events': 'False', 'introspect': 'True', 'cache_selected_only': 'False', 'fail_fast': 'False', 'debug': 'False', 'log_format': 'default', 'profiles_dir': 'C:\\Users\\ivana\\.dbt', 'send_anonymous_usage_stats': 'True', 'quiet': 'False', 'warn_error': 'None', 'partial_parse': 'True', 'invocation_command': 'dbt init retail_analytics', 'indirect_selection': 'eager', 'use_colors': 'True', 'use_experimental_parser': 'False', 'log_path': 'logs'}
[0m22:12:56.904419 [debug] [MainThread]: Starter project path: C:\Users\ivana\AppData\Local\Programs\Python\Python313\Lib\site-packages\dbt\include\starter_project
[0m22:12:56.917724 [info ] [MainThread]: 
Your new dbt project "retail_analytics" was created!

For more information on how to configure the profiles.yml file,
please consult the dbt documentation here:

  https://docs.getdbt.com/docs/configure-your-profile

One more thing:

Need help? Don't hesitate to reach out to us via GitHub issues or on Slack:

  https://community.getdbt.com/

Happy modeling!

[0m22:12:56.918308 [info ] [MainThread]: Setting up your profile.
[0m22:14:50.851891 [info ] [MainThread]: Profile retail_analytics written to C:\Users\ivana\.dbt\profiles.yml using target's profile_template.yml and your supplied values. Run 'dbt debug' to validate the connection.
[0m22:14:50.852811 [debug] [MainThread]: Command `dbt init` succeeded at 22:14:50.852703 after 114.10 seconds
[0m22:14:50.853121 [debug] [MainThread]: Sending event: {'category': 'dbt', 'action': 'invocation', 'label': 'end', 'context': [<snowplow_tracker.self_describing_json.SelfDescribingJson object at 0x00000275DF3716E0>, <snowplow_tracker.self_describing_json.SelfDescribingJson object at 0x00000275DE195D90>, <snowplow_tracker.self_describing_json.SelfDescribingJson object at 0x00000275DDF6FDF0>]}
[0m22:14:50.853459 [debug] [MainThread]: Flushing usage events
[0m22:14:51.728004 [debug] [MainThread]: An error was encountered while trying to flush usage events
[0m22:15:04.495651 [debug] [MainThread]: Sending event: {'category': 'dbt', 'action': 'invocation', 'label': 'start', 'context': [<snowplow_tracker.self_describing_json.SelfDescribingJson object at 0x000001C8325B8D70>, <snowplow_tracker.self_describing_json.SelfDescribingJson object at 0x000001C83371FED0>, <snowplow_tracker.self_describing_json.SelfDescribingJson object at 0x000001C83371FB10>]}


============================== 22:15:04.499014 | f10714a9-1643-461d-953d-297b70dc52f8 ==============================
[0m22:15:04.499014 [info ] [MainThread]: Running with dbt=1.11.0-rc3
[0m22:15:04.499758 [debug] [MainThread]: running dbt with arguments {'version_check': 'True', 'no_print': 'None', 'static_parser': 'True', 'target_path': 'None', 'warn_error_options': 'WarnErrorOptionsV2(error=[], warn=[], silence=[])', 'printer_width': '80', 'write_json': 'True', 'introspect': 'True', 'log_cache_events': 'False', 'empty': 'None', 'cache_selected_only': 'False', 'fail_fast': 'False', 'debug': 'False', 'log_format': 'default', 'profiles_dir': 'C:\\Users\\ivana\\.dbt', 'send_anonymous_usage_stats': 'True', 'quiet': 'False', 'warn_error': 'None', 'partial_parse': 'True', 'use_colors': 'True', 'indirect_selection': 'eager', 'invocation_command': 'dbt debug', 'use_experimental_parser': 'False', 'log_path': 'logs'}
[0m22:15:04.511681 [info ] [MainThread]: dbt version: 1.11.0-rc3
[0m22:15:04.512097 [info ] [MainThread]: python version: 3.13.9
[0m22:15:04.512409 [info ] [MainThread]: python path: C:\Users\ivana\AppData\Local\Programs\Python\Python313\python.exe
[0m22:15:04.512821 [info ] [MainThread]: os info: Windows-11-10.0.26200-SP0
[0m22:15:04.561229 [info ] [MainThread]: Using profiles dir at C:\Users\ivana\.dbt
[0m22:15:04.561846 [info ] [MainThread]: Using profiles.yml file at C:\Users\ivana\.dbt\profiles.yml
[0m22:15:04.562328 [info ] [MainThread]: Using dbt_project.yml file at D:\Programacion\Github\Data_Proyects\05_dbt_retail\dbt_project.yml
[0m22:15:04.563114 [info ] [MainThread]: adapter type: postgres
[0m22:15:04.563426 [info ] [MainThread]: adapter version: 1.9.1
[0m22:15:04.563739 [info ] [MainThread]: Configuration:
[0m22:15:04.564023 [info ] [MainThread]:   profiles.yml file [[32mOK found and valid[0m]
[0m22:15:04.564307 [info ] [MainThread]:   dbt_project.yml file [[31mERROR not found[0m]
[0m22:15:04.564688 [info ] [MainThread]: Required dependencies:
[0m22:15:04.565068 [debug] [MainThread]: Executing "git --help"
[0m22:15:04.596561 [debug] [MainThread]: STDOUT: "b"usage: git [-v | --version] [-h | --help] [-C <path>] [-c <name>=<value>]\n           [--exec-path[=<path>]] [--html-path] [--man-path] [--info-path]\n           [-p | --paginate | -P | --no-pager] [--no-replace-objects] [--no-lazy-fetch]\n           [--no-optional-locks] [--no-advice] [--bare] [--git-dir=<path>]\n           [--work-tree=<path>] [--namespace=<name>] [--config-env=<name>=<envvar>]\n           <command> [<args>]\n\nThese are common Git commands used in various situations:\n\nstart a working area (see also: git help tutorial)\n   clone      Clone a repository into a new directory\n   init       Create an empty Git repository or reinitialize an existing one\n\nwork on the current change (see also: git help everyday)\n   add        Add file contents to the index\n   mv         Move or rename a file, a directory, or a symlink\n   restore    Restore working tree files\n   rm         Remove files from the working tree and from the index\n\nexamine the history and state (see also: git help revisions)\n   bisect     Use binary search to find the commit that introduced a bug\n   diff       Show changes between commits, commit and working tree, etc\n   grep       Print lines matching a pattern\n   log        Show commit logs\n   show       Show various types of objects\n   status     Show the working tree status\n\ngrow, mark and tweak your common history\n   backfill   Download missing objects in a partial clone\n   branch     List, create, or delete branches\n   commit     Record changes to the repository\n   merge      Join two or more development histories together\n   rebase     Reapply commits on top of another base tip\n   reset      Reset current HEAD to the specified state\n   switch     Switch branches\n   tag        Create, list, delete or verify a tag object signed with GPG\n\ncollaborate (see also: git help workflows)\n   fetch      Download objects and refs from another repository\n   pull       Fetch from and integrate with another repository or a local branch\n   push       Update remote refs along with associated objects\n\n'git help -a' and 'git help -g' list available subcommands and some\nconcept guides. See 'git help <command>' or 'git help <concept>'\nto read about a specific subcommand or concept.\nSee 'git help git' for an overview of the system.\n""
[0m22:15:04.596996 [debug] [MainThread]: STDERR: "b''"
[0m22:15:04.597365 [info ] [MainThread]:  - git [[32mOK found[0m]

[0m22:15:04.597859 [info ] [MainThread]: Connection:
[0m22:15:04.598257 [info ] [MainThread]:   host: 100.65.130.66
[0m22:15:04.598560 [info ] [MainThread]:   port: 5432
[0m22:15:04.598841 [info ] [MainThread]:   user: ivanjarpa
[0m22:15:04.599117 [info ] [MainThread]:   database: db_server_dev
[0m22:15:04.599442 [info ] [MainThread]:   schema: dbt_test
[0m22:15:04.599723 [info ] [MainThread]:   connect_timeout: 10
[0m22:15:04.600001 [info ] [MainThread]:   role: None
[0m22:15:04.600388 [info ] [MainThread]:   search_path: None
[0m22:15:04.600787 [info ] [MainThread]:   keepalives_idle: 0
[0m22:15:04.601154 [info ] [MainThread]:   sslmode: None
[0m22:15:04.601465 [info ] [MainThread]:   sslcert: None
[0m22:15:04.601755 [info ] [MainThread]:   sslkey: None
[0m22:15:04.602040 [info ] [MainThread]:   sslrootcert: None
[0m22:15:04.602360 [info ] [MainThread]:   application_name: dbt
[0m22:15:04.602683 [info ] [MainThread]:   retries: 1
[0m22:15:04.603151 [info ] [MainThread]: Registered adapter: postgres=1.9.1
[0m22:15:04.879466 [debug] [MainThread]: Acquiring new postgres connection 'debug'
[0m22:15:04.981928 [debug] [MainThread]: Using postgres connection "debug"
[0m22:15:04.982263 [debug] [MainThread]: On debug: select 1 as id
[0m22:15:04.982503 [debug] [MainThread]: Opening a new connection, currently in state init
[0m22:15:05.160063 [debug] [MainThread]: SQL status: SELECT 1 in 0.177 seconds
[0m22:15:05.160934 [debug] [MainThread]: On debug: Close
[0m22:15:05.161261 [info ] [MainThread]:   Connection test: [[32mOK connection ok[0m]

[0m22:15:05.161807 [info ] [MainThread]: [31m1 check failed:[0m
[0m22:15:05.162224 [info ] [MainThread]: Project loading failed for the following reason:
 project path <D:\Programacion\Github\Data_Proyects\05_dbt_retail\dbt_project.yml> not found

[0m22:15:05.162887 [debug] [MainThread]: Command `dbt debug` failed at 22:15:05.162794 after 0.77 seconds
[0m22:15:05.163147 [debug] [MainThread]: Connection 'debug' was properly closed.
[0m22:15:05.163436 [debug] [MainThread]: Sending event: {'category': 'dbt', 'action': 'invocation', 'label': 'end', 'context': [<snowplow_tracker.self_describing_json.SelfDescribingJson object at 0x000001C8348BBBB0>, <snowplow_tracker.self_describing_json.SelfDescribingJson object at 0x000001C834A117F0>, <snowplow_tracker.self_describing_json.SelfDescribingJson object at 0x000001C8337C2CF0>]}
[0m22:15:05.163751 [debug] [MainThread]: Flushing usage events
[0m22:15:06.015994 [debug] [MainThread]: An error was encountered while trying to flush usage events
